Archive member included to satisfy reference by file (symbol)

d:/folders/sprint/gcc compiler and avrdude/avr-gcc-9.2.0-x64-mingw/avr-gcc-9.2.0-x64-mingw/bin/../lib/gcc/avr/9.2.0/avr5\libgcc.a(_mulsi3.o)
                              Service/TMU.o (__mulsi3)
d:/folders/sprint/gcc compiler and avrdude/avr-gcc-9.2.0-x64-mingw/avr-gcc-9.2.0-x64-mingw/bin/../lib/gcc/avr/9.2.0/avr5\libgcc.a(_exit.o)
                              C:/Program Files (x86)/Atmel/Studio/7.0/Packs/atmel/ATmega_DFP/1.2.209/gcc/dev/atmega32/avr5/crtatmega32.o (exit)
d:/folders/sprint/gcc compiler and avrdude/avr-gcc-9.2.0-x64-mingw/avr-gcc-9.2.0-x64-mingw/bin/../lib/gcc/avr/9.2.0/avr5\libgcc.a(_copy_data.o)
                              Service/TMU.o (__do_copy_data)
d:/folders/sprint/gcc compiler and avrdude/avr-gcc-9.2.0-x64-mingw/avr-gcc-9.2.0-x64-mingw/bin/../lib/gcc/avr/9.2.0/avr5\libgcc.a(_clear_bss.o)
                              Service/TMU.o (__do_clear_bss)
d:/folders/sprint/gcc compiler and avrdude/avr-gcc-9.2.0-x64-mingw/avr-gcc-9.2.0-x64-mingw/bin/../lib/gcc/avr/9.2.0/avr5\libgcc.a(_muluhisi3.o)
                              d:/folders/sprint/gcc compiler and avrdude/avr-gcc-9.2.0-x64-mingw/avr-gcc-9.2.0-x64-mingw/bin/../lib/gcc/avr/9.2.0/avr5\libgcc.a(_mulsi3.o) (__muluhisi3)
d:/folders/sprint/gcc compiler and avrdude/avr-gcc-9.2.0-x64-mingw/avr-gcc-9.2.0-x64-mingw/bin/../lib/gcc/avr/9.2.0/avr5\libgcc.a(_umulhisi3.o)
                              d:/folders/sprint/gcc compiler and avrdude/avr-gcc-9.2.0-x64-mingw/avr-gcc-9.2.0-x64-mingw/bin/../lib/gcc/avr/9.2.0/avr5\libgcc.a(_muluhisi3.o) (__umulhisi3)

Discarded input sections

 .data          0x0000000000000000        0x0 C:/Program Files (x86)/Atmel/Studio/7.0/Packs/atmel/ATmega_DFP/1.2.209/gcc/dev/atmega32/avr5/crtatmega32.o
 .bss           0x0000000000000000        0x0 C:/Program Files (x86)/Atmel/Studio/7.0/Packs/atmel/ATmega_DFP/1.2.209/gcc/dev/atmega32/avr5/crtatmega32.o
 .text          0x0000000000000000        0x0 AAL/APP.o
 .data          0x0000000000000000        0x0 AAL/APP.o
 .bss           0x0000000000000000        0x0 AAL/APP.o
 .text          0x0000000000000000        0x0 MCAL/DIO.o
 .data          0x0000000000000000        0x0 MCAL/DIO.o
 .bss           0x0000000000000000        0x0 MCAL/DIO.o
 .text.DIO_INIT_PORT
                0x0000000000000000       0x62 MCAL/DIO.o
 .text.DIO_Init_Nibble
                0x0000000000000000      0x14c MCAL/DIO.o
 .text.DIO_Read_Port
                0x0000000000000000       0x2a MCAL/DIO.o
 .text.DIO_Write_Port
                0x0000000000000000       0x32 MCAL/DIO.o
 .text.DIO_Read_Pin
                0x0000000000000000       0x82 MCAL/DIO.o
 .text.DIO_toggle_Port
                0x0000000000000000       0x42 MCAL/DIO.o
 .text.DIO_Read_Nibble
                0x0000000000000000      0x138 MCAL/DIO.o
 .text.DIO_Write_Nibble
                0x0000000000000000       0xfc MCAL/DIO.o
 .text          0x0000000000000000        0x0 Service/TMU.o
 .data          0x0000000000000000        0x0 Service/TMU.o
 .bss           0x0000000000000000        0x0 Service/TMU.o
 .text          0x0000000000000000        0x0 MCAL/Timer.o
 .data          0x0000000000000000        0x0 MCAL/Timer.o
 .bss           0x0000000000000000        0x0 MCAL/Timer.o
 .text.Timer_Stop
                0x0000000000000000       0x2c MCAL/Timer.o
 .text.Timer_Get_tickCount
                0x0000000000000000        0xc MCAL/Timer.o
 .text.Timer_Get_FlagStatus
                0x0000000000000000       0x20 MCAL/Timer.o
 .text.Timer_Reset
                0x0000000000000000       0x2a MCAL/Timer.o
 .bss.sgu16_TIMER_COUNTER_REG_BUFFER
                0x0000000000000000        0x2 MCAL/Timer.o
 .text          0x0000000000000000        0x0 d:/folders/sprint/gcc compiler and avrdude/avr-gcc-9.2.0-x64-mingw/avr-gcc-9.2.0-x64-mingw/bin/../lib/gcc/avr/9.2.0/avr5\libgcc.a(_mulsi3.o)
 .data          0x0000000000000000        0x0 d:/folders/sprint/gcc compiler and avrdude/avr-gcc-9.2.0-x64-mingw/avr-gcc-9.2.0-x64-mingw/bin/../lib/gcc/avr/9.2.0/avr5\libgcc.a(_mulsi3.o)
 .bss           0x0000000000000000        0x0 d:/folders/sprint/gcc compiler and avrdude/avr-gcc-9.2.0-x64-mingw/avr-gcc-9.2.0-x64-mingw/bin/../lib/gcc/avr/9.2.0/avr5\libgcc.a(_mulsi3.o)
 .text.libgcc.div
                0x0000000000000000        0x0 d:/folders/sprint/gcc compiler and avrdude/avr-gcc-9.2.0-x64-mingw/avr-gcc-9.2.0-x64-mingw/bin/../lib/gcc/avr/9.2.0/avr5\libgcc.a(_mulsi3.o)
 .text.libgcc   0x0000000000000000        0x0 d:/folders/sprint/gcc compiler and avrdude/avr-gcc-9.2.0-x64-mingw/avr-gcc-9.2.0-x64-mingw/bin/../lib/gcc/avr/9.2.0/avr5\libgcc.a(_mulsi3.o)
 .text.libgcc.prologue
                0x0000000000000000        0x0 d:/folders/sprint/gcc compiler and avrdude/avr-gcc-9.2.0-x64-mingw/avr-gcc-9.2.0-x64-mingw/bin/../lib/gcc/avr/9.2.0/avr5\libgcc.a(_mulsi3.o)
 .text.libgcc.builtins
                0x0000000000000000        0x0 d:/folders/sprint/gcc compiler and avrdude/avr-gcc-9.2.0-x64-mingw/avr-gcc-9.2.0-x64-mingw/bin/../lib/gcc/avr/9.2.0/avr5\libgcc.a(_mulsi3.o)
 .text.libgcc.fmul
                0x0000000000000000        0x0 d:/folders/sprint/gcc compiler and avrdude/avr-gcc-9.2.0-x64-mingw/avr-gcc-9.2.0-x64-mingw/bin/../lib/gcc/avr/9.2.0/avr5\libgcc.a(_mulsi3.o)
 .text.libgcc.fixed
                0x0000000000000000        0x0 d:/folders/sprint/gcc compiler and avrdude/avr-gcc-9.2.0-x64-mingw/avr-gcc-9.2.0-x64-mingw/bin/../lib/gcc/avr/9.2.0/avr5\libgcc.a(_mulsi3.o)
 .text          0x0000000000000000        0x0 d:/folders/sprint/gcc compiler and avrdude/avr-gcc-9.2.0-x64-mingw/avr-gcc-9.2.0-x64-mingw/bin/../lib/gcc/avr/9.2.0/avr5\libgcc.a(_exit.o)
 .data          0x0000000000000000        0x0 d:/folders/sprint/gcc compiler and avrdude/avr-gcc-9.2.0-x64-mingw/avr-gcc-9.2.0-x64-mingw/bin/../lib/gcc/avr/9.2.0/avr5\libgcc.a(_exit.o)
 .bss           0x0000000000000000        0x0 d:/folders/sprint/gcc compiler and avrdude/avr-gcc-9.2.0-x64-mingw/avr-gcc-9.2.0-x64-mingw/bin/../lib/gcc/avr/9.2.0/avr5\libgcc.a(_exit.o)
 .text.libgcc.mul
                0x0000000000000000        0x0 d:/folders/sprint/gcc compiler and avrdude/avr-gcc-9.2.0-x64-mingw/avr-gcc-9.2.0-x64-mingw/bin/../lib/gcc/avr/9.2.0/avr5\libgcc.a(_exit.o)
 .text.libgcc.div
                0x0000000000000000        0x0 d:/folders/sprint/gcc compiler and avrdude/avr-gcc-9.2.0-x64-mingw/avr-gcc-9.2.0-x64-mingw/bin/../lib/gcc/avr/9.2.0/avr5\libgcc.a(_exit.o)
 .text.libgcc   0x0000000000000000        0x0 d:/folders/sprint/gcc compiler and avrdude/avr-gcc-9.2.0-x64-mingw/avr-gcc-9.2.0-x64-mingw/bin/../lib/gcc/avr/9.2.0/avr5\libgcc.a(_exit.o)
 .text.libgcc.prologue
                0x0000000000000000        0x0 d:/folders/sprint/gcc compiler and avrdude/avr-gcc-9.2.0-x64-mingw/avr-gcc-9.2.0-x64-mingw/bin/../lib/gcc/avr/9.2.0/avr5\libgcc.a(_exit.o)
 .text.libgcc.builtins
                0x0000000000000000        0x0 d:/folders/sprint/gcc compiler and avrdude/avr-gcc-9.2.0-x64-mingw/avr-gcc-9.2.0-x64-mingw/bin/../lib/gcc/avr/9.2.0/avr5\libgcc.a(_exit.o)
 .text.libgcc.fmul
                0x0000000000000000        0x0 d:/folders/sprint/gcc compiler and avrdude/avr-gcc-9.2.0-x64-mingw/avr-gcc-9.2.0-x64-mingw/bin/../lib/gcc/avr/9.2.0/avr5\libgcc.a(_exit.o)
 .text.libgcc.fixed
                0x0000000000000000        0x0 d:/folders/sprint/gcc compiler and avrdude/avr-gcc-9.2.0-x64-mingw/avr-gcc-9.2.0-x64-mingw/bin/../lib/gcc/avr/9.2.0/avr5\libgcc.a(_exit.o)
 .text          0x0000000000000000        0x0 d:/folders/sprint/gcc compiler and avrdude/avr-gcc-9.2.0-x64-mingw/avr-gcc-9.2.0-x64-mingw/bin/../lib/gcc/avr/9.2.0/avr5\libgcc.a(_copy_data.o)
 .data          0x0000000000000000        0x0 d:/folders/sprint/gcc compiler and avrdude/avr-gcc-9.2.0-x64-mingw/avr-gcc-9.2.0-x64-mingw/bin/../lib/gcc/avr/9.2.0/avr5\libgcc.a(_copy_data.o)
 .bss           0x0000000000000000        0x0 d:/folders/sprint/gcc compiler and avrdude/avr-gcc-9.2.0-x64-mingw/avr-gcc-9.2.0-x64-mingw/bin/../lib/gcc/avr/9.2.0/avr5\libgcc.a(_copy_data.o)
 .text.libgcc.mul
                0x0000000000000000        0x0 d:/folders/sprint/gcc compiler and avrdude/avr-gcc-9.2.0-x64-mingw/avr-gcc-9.2.0-x64-mingw/bin/../lib/gcc/avr/9.2.0/avr5\libgcc.a(_copy_data.o)
 .text.libgcc.div
                0x0000000000000000        0x0 d:/folders/sprint/gcc compiler and avrdude/avr-gcc-9.2.0-x64-mingw/avr-gcc-9.2.0-x64-mingw/bin/../lib/gcc/avr/9.2.0/avr5\libgcc.a(_copy_data.o)
 .text.libgcc   0x0000000000000000        0x0 d:/folders/sprint/gcc compiler and avrdude/avr-gcc-9.2.0-x64-mingw/avr-gcc-9.2.0-x64-mingw/bin/../lib/gcc/avr/9.2.0/avr5\libgcc.a(_copy_data.o)
 .text.libgcc.prologue
                0x0000000000000000        0x0 d:/folders/sprint/gcc compiler and avrdude/avr-gcc-9.2.0-x64-mingw/avr-gcc-9.2.0-x64-mingw/bin/../lib/gcc/avr/9.2.0/avr5\libgcc.a(_copy_data.o)
 .text.libgcc.builtins
                0x0000000000000000        0x0 d:/folders/sprint/gcc compiler and avrdude/avr-gcc-9.2.0-x64-mingw/avr-gcc-9.2.0-x64-mingw/bin/../lib/gcc/avr/9.2.0/avr5\libgcc.a(_copy_data.o)
 .text.libgcc.fmul
                0x0000000000000000        0x0 d:/folders/sprint/gcc compiler and avrdude/avr-gcc-9.2.0-x64-mingw/avr-gcc-9.2.0-x64-mingw/bin/../lib/gcc/avr/9.2.0/avr5\libgcc.a(_copy_data.o)
 .text.libgcc.fixed
                0x0000000000000000        0x0 d:/folders/sprint/gcc compiler and avrdude/avr-gcc-9.2.0-x64-mingw/avr-gcc-9.2.0-x64-mingw/bin/../lib/gcc/avr/9.2.0/avr5\libgcc.a(_copy_data.o)
 .text          0x0000000000000000        0x0 d:/folders/sprint/gcc compiler and avrdude/avr-gcc-9.2.0-x64-mingw/avr-gcc-9.2.0-x64-mingw/bin/../lib/gcc/avr/9.2.0/avr5\libgcc.a(_clear_bss.o)
 .data          0x0000000000000000        0x0 d:/folders/sprint/gcc compiler and avrdude/avr-gcc-9.2.0-x64-mingw/avr-gcc-9.2.0-x64-mingw/bin/../lib/gcc/avr/9.2.0/avr5\libgcc.a(_clear_bss.o)
 .bss           0x0000000000000000        0x0 d:/folders/sprint/gcc compiler and avrdude/avr-gcc-9.2.0-x64-mingw/avr-gcc-9.2.0-x64-mingw/bin/../lib/gcc/avr/9.2.0/avr5\libgcc.a(_clear_bss.o)
 .text.libgcc.mul
                0x0000000000000000        0x0 d:/folders/sprint/gcc compiler and avrdude/avr-gcc-9.2.0-x64-mingw/avr-gcc-9.2.0-x64-mingw/bin/../lib/gcc/avr/9.2.0/avr5\libgcc.a(_clear_bss.o)
 .text.libgcc.div
                0x0000000000000000        0x0 d:/folders/sprint/gcc compiler and avrdude/avr-gcc-9.2.0-x64-mingw/avr-gcc-9.2.0-x64-mingw/bin/../lib/gcc/avr/9.2.0/avr5\libgcc.a(_clear_bss.o)
 .text.libgcc   0x0000000000000000        0x0 d:/folders/sprint/gcc compiler and avrdude/avr-gcc-9.2.0-x64-mingw/avr-gcc-9.2.0-x64-mingw/bin/../lib/gcc/avr/9.2.0/avr5\libgcc.a(_clear_bss.o)
 .text.libgcc.prologue
                0x0000000000000000        0x0 d:/folders/sprint/gcc compiler and avrdude/avr-gcc-9.2.0-x64-mingw/avr-gcc-9.2.0-x64-mingw/bin/../lib/gcc/avr/9.2.0/avr5\libgcc.a(_clear_bss.o)
 .text.libgcc.builtins
                0x0000000000000000        0x0 d:/folders/sprint/gcc compiler and avrdude/avr-gcc-9.2.0-x64-mingw/avr-gcc-9.2.0-x64-mingw/bin/../lib/gcc/avr/9.2.0/avr5\libgcc.a(_clear_bss.o)
 .text.libgcc.fmul
                0x0000000000000000        0x0 d:/folders/sprint/gcc compiler and avrdude/avr-gcc-9.2.0-x64-mingw/avr-gcc-9.2.0-x64-mingw/bin/../lib/gcc/avr/9.2.0/avr5\libgcc.a(_clear_bss.o)
 .text.libgcc.fixed
                0x0000000000000000        0x0 d:/folders/sprint/gcc compiler and avrdude/avr-gcc-9.2.0-x64-mingw/avr-gcc-9.2.0-x64-mingw/bin/../lib/gcc/avr/9.2.0/avr5\libgcc.a(_clear_bss.o)
 .text          0x0000000000000000        0x0 d:/folders/sprint/gcc compiler and avrdude/avr-gcc-9.2.0-x64-mingw/avr-gcc-9.2.0-x64-mingw/bin/../lib/gcc/avr/9.2.0/avr5\libgcc.a(_muluhisi3.o)
 .data          0x0000000000000000        0x0 d:/folders/sprint/gcc compiler and avrdude/avr-gcc-9.2.0-x64-mingw/avr-gcc-9.2.0-x64-mingw/bin/../lib/gcc/avr/9.2.0/avr5\libgcc.a(_muluhisi3.o)
 .bss           0x0000000000000000        0x0 d:/folders/sprint/gcc compiler and avrdude/avr-gcc-9.2.0-x64-mingw/avr-gcc-9.2.0-x64-mingw/bin/../lib/gcc/avr/9.2.0/avr5\libgcc.a(_muluhisi3.o)
 .text.libgcc.div
                0x0000000000000000        0x0 d:/folders/sprint/gcc compiler and avrdude/avr-gcc-9.2.0-x64-mingw/avr-gcc-9.2.0-x64-mingw/bin/../lib/gcc/avr/9.2.0/avr5\libgcc.a(_muluhisi3.o)
 .text.libgcc   0x0000000000000000        0x0 d:/folders/sprint/gcc compiler and avrdude/avr-gcc-9.2.0-x64-mingw/avr-gcc-9.2.0-x64-mingw/bin/../lib/gcc/avr/9.2.0/avr5\libgcc.a(_muluhisi3.o)
 .text.libgcc.prologue
                0x0000000000000000        0x0 d:/folders/sprint/gcc compiler and avrdude/avr-gcc-9.2.0-x64-mingw/avr-gcc-9.2.0-x64-mingw/bin/../lib/gcc/avr/9.2.0/avr5\libgcc.a(_muluhisi3.o)
 .text.libgcc.builtins
                0x0000000000000000        0x0 d:/folders/sprint/gcc compiler and avrdude/avr-gcc-9.2.0-x64-mingw/avr-gcc-9.2.0-x64-mingw/bin/../lib/gcc/avr/9.2.0/avr5\libgcc.a(_muluhisi3.o)
 .text.libgcc.fmul
                0x0000000000000000        0x0 d:/folders/sprint/gcc compiler and avrdude/avr-gcc-9.2.0-x64-mingw/avr-gcc-9.2.0-x64-mingw/bin/../lib/gcc/avr/9.2.0/avr5\libgcc.a(_muluhisi3.o)
 .text.libgcc.fixed
                0x0000000000000000        0x0 d:/folders/sprint/gcc compiler and avrdude/avr-gcc-9.2.0-x64-mingw/avr-gcc-9.2.0-x64-mingw/bin/../lib/gcc/avr/9.2.0/avr5\libgcc.a(_muluhisi3.o)
 .text          0x0000000000000000        0x0 d:/folders/sprint/gcc compiler and avrdude/avr-gcc-9.2.0-x64-mingw/avr-gcc-9.2.0-x64-mingw/bin/../lib/gcc/avr/9.2.0/avr5\libgcc.a(_umulhisi3.o)
 .data          0x0000000000000000        0x0 d:/folders/sprint/gcc compiler and avrdude/avr-gcc-9.2.0-x64-mingw/avr-gcc-9.2.0-x64-mingw/bin/../lib/gcc/avr/9.2.0/avr5\libgcc.a(_umulhisi3.o)
 .bss           0x0000000000000000        0x0 d:/folders/sprint/gcc compiler and avrdude/avr-gcc-9.2.0-x64-mingw/avr-gcc-9.2.0-x64-mingw/bin/../lib/gcc/avr/9.2.0/avr5\libgcc.a(_umulhisi3.o)
 .text.libgcc.div
                0x0000000000000000        0x0 d:/folders/sprint/gcc compiler and avrdude/avr-gcc-9.2.0-x64-mingw/avr-gcc-9.2.0-x64-mingw/bin/../lib/gcc/avr/9.2.0/avr5\libgcc.a(_umulhisi3.o)
 .text.libgcc   0x0000000000000000        0x0 d:/folders/sprint/gcc compiler and avrdude/avr-gcc-9.2.0-x64-mingw/avr-gcc-9.2.0-x64-mingw/bin/../lib/gcc/avr/9.2.0/avr5\libgcc.a(_umulhisi3.o)
 .text.libgcc.prologue
                0x0000000000000000        0x0 d:/folders/sprint/gcc compiler and avrdude/avr-gcc-9.2.0-x64-mingw/avr-gcc-9.2.0-x64-mingw/bin/../lib/gcc/avr/9.2.0/avr5\libgcc.a(_umulhisi3.o)
 .text.libgcc.builtins
                0x0000000000000000        0x0 d:/folders/sprint/gcc compiler and avrdude/avr-gcc-9.2.0-x64-mingw/avr-gcc-9.2.0-x64-mingw/bin/../lib/gcc/avr/9.2.0/avr5\libgcc.a(_umulhisi3.o)
 .text.libgcc.fmul
                0x0000000000000000        0x0 d:/folders/sprint/gcc compiler and avrdude/avr-gcc-9.2.0-x64-mingw/avr-gcc-9.2.0-x64-mingw/bin/../lib/gcc/avr/9.2.0/avr5\libgcc.a(_umulhisi3.o)
 .text.libgcc.fixed
                0x0000000000000000        0x0 d:/folders/sprint/gcc compiler and avrdude/avr-gcc-9.2.0-x64-mingw/avr-gcc-9.2.0-x64-mingw/bin/../lib/gcc/avr/9.2.0/avr5\libgcc.a(_umulhisi3.o)

Memory Configuration

Name             Origin             Length             Attributes
text             0x0000000000000000 0x0000000000020000 xr
data             0x0000000000800060 0x000000000000ffa0 rw !x
eeprom           0x0000000000810000 0x0000000000010000 rw !x
fuse             0x0000000000820000 0x0000000000000002 rw !x
lock             0x0000000000830000 0x0000000000000400 rw !x
signature        0x0000000000840000 0x0000000000000400 rw !x
user_signatures  0x0000000000850000 0x0000000000000400 rw !x
*default*        0x0000000000000000 0xffffffffffffffff

Linker script and memory map

LOAD C:/Program Files (x86)/Atmel/Studio/7.0/Packs/atmel/ATmega_DFP/1.2.209/gcc/dev/atmega32/avr5/crtatmega32.o
LOAD AAL/APP.o
LOAD MCAL/DIO.o
LOAD Service/TMU.o
LOAD MCAL/Timer.o
START GROUP
LOAD d:/folders/sprint/gcc compiler and avrdude/avr-gcc-9.2.0-x64-mingw/avr-gcc-9.2.0-x64-mingw/bin/../lib/gcc/avr/9.2.0/../../../../avr/lib/avr5\libm.a
END GROUP
START GROUP
LOAD d:/folders/sprint/gcc compiler and avrdude/avr-gcc-9.2.0-x64-mingw/avr-gcc-9.2.0-x64-mingw/bin/../lib/gcc/avr/9.2.0/avr5\libgcc.a
LOAD d:/folders/sprint/gcc compiler and avrdude/avr-gcc-9.2.0-x64-mingw/avr-gcc-9.2.0-x64-mingw/bin/../lib/gcc/avr/9.2.0/../../../../avr/lib/avr5\libm.a
LOAD d:/folders/sprint/gcc compiler and avrdude/avr-gcc-9.2.0-x64-mingw/avr-gcc-9.2.0-x64-mingw/bin/../lib/gcc/avr/9.2.0/../../../../avr/lib/avr5\libc.a
LOAD C:/Program Files (x86)/Atmel/Studio/7.0/Packs/atmel/ATmega_DFP/1.2.209/gcc/dev/atmega32/avr5\libatmega32.a
END GROUP
                0x0000000000020000                __TEXT_REGION_LENGTH__ = DEFINED (__TEXT_REGION_LENGTH__)?__TEXT_REGION_LENGTH__:0x20000
                0x000000000000ffa0                __DATA_REGION_LENGTH__ = DEFINED (__DATA_REGION_LENGTH__)?__DATA_REGION_LENGTH__:0xffa0
                0x0000000000010000                __EEPROM_REGION_LENGTH__ = DEFINED (__EEPROM_REGION_LENGTH__)?__EEPROM_REGION_LENGTH__:0x10000
                [0x0000000000000002]                __FUSE_REGION_LENGTH__ = DEFINED (__FUSE_REGION_LENGTH__)?__FUSE_REGION_LENGTH__:0x400
                0x0000000000000400                __LOCK_REGION_LENGTH__ = DEFINED (__LOCK_REGION_LENGTH__)?__LOCK_REGION_LENGTH__:0x400
                0x0000000000000400                __SIGNATURE_REGION_LENGTH__ = DEFINED (__SIGNATURE_REGION_LENGTH__)?__SIGNATURE_REGION_LENGTH__:0x400
                0x0000000000000400                __USER_SIGNATURE_REGION_LENGTH__ = DEFINED (__USER_SIGNATURE_REGION_LENGTH__)?__USER_SIGNATURE_REGION_LENGTH__:0x400

.hash
 *(.hash)

.dynsym
 *(.dynsym)

.dynstr
 *(.dynstr)

.gnu.version
 *(.gnu.version)

.gnu.version_d
 *(.gnu.version_d)

.gnu.version_r
 *(.gnu.version_r)

.rel.init
 *(.rel.init)

.rela.init
 *(.rela.init)

.rel.text
 *(.rel.text)
 *(.rel.text.*)
 *(.rel.gnu.linkonce.t*)

.rela.text
 *(.rela.text)
 *(.rela.text.*)
 *(.rela.gnu.linkonce.t*)

.rel.fini
 *(.rel.fini)

.rela.fini
 *(.rela.fini)

.rel.rodata
 *(.rel.rodata)
 *(.rel.rodata.*)
 *(.rel.gnu.linkonce.r*)

.rela.rodata
 *(.rela.rodata)
 *(.rela.rodata.*)
 *(.rela.gnu.linkonce.r*)

.rel.data
 *(.rel.data)
 *(.rel.data.*)
 *(.rel.gnu.linkonce.d*)

.rela.data
 *(.rela.data)
 *(.rela.data.*)
 *(.rela.gnu.linkonce.d*)

.rel.ctors
 *(.rel.ctors)

.rela.ctors
 *(.rela.ctors)

.rel.dtors
 *(.rel.dtors)

.rela.dtors
 *(.rela.dtors)

.rel.got
 *(.rel.got)

.rela.got
 *(.rela.got)

.rel.bss
 *(.rel.bss)

.rela.bss
 *(.rela.bss)

.rel.plt
 *(.rel.plt)

.rela.plt
 *(.rela.plt)

.text           0x0000000000000000      0xa6e
 *(.vectors)
 .vectors       0x0000000000000000       0x54 C:/Program Files (x86)/Atmel/Studio/7.0/Packs/atmel/ATmega_DFP/1.2.209/gcc/dev/atmega32/avr5/crtatmega32.o
                0x0000000000000000                __vector_default
                0x0000000000000000                __vectors
 *(.vectors)
 *(.progmem.gcc*)
                0x0000000000000054                . = ALIGN (0x2)
                0x0000000000000054                __trampolines_start = .
 *(.trampolines)
 .trampolines   0x0000000000000054        0x0 linker stubs
 *(.trampolines*)
                0x0000000000000054                __trampolines_end = .
 *libprintf_flt.a:*(.progmem.data)
 *libc.a:*(.progmem.data)
 *(.progmem.*)
                0x0000000000000054                . = ALIGN (0x2)
 *(.lowtext)
 *(.lowtext*)
                0x0000000000000054                __ctors_start = .
 *(.ctors)
                0x0000000000000054                __ctors_end = .
                0x0000000000000054                __dtors_start = .
 *(.dtors)
                0x0000000000000054                __dtors_end = .
 SORT_BY_NAME(*)(.ctors)
 SORT_BY_NAME(*)(.dtors)
 *(.init0)
 .init0         0x0000000000000054        0x0 C:/Program Files (x86)/Atmel/Studio/7.0/Packs/atmel/ATmega_DFP/1.2.209/gcc/dev/atmega32/avr5/crtatmega32.o
                0x0000000000000054                __init
 *(.init0)
 *(.init1)
 *(.init1)
 *(.init2)
 .init2         0x0000000000000054        0xc C:/Program Files (x86)/Atmel/Studio/7.0/Packs/atmel/ATmega_DFP/1.2.209/gcc/dev/atmega32/avr5/crtatmega32.o
 *(.init2)
 *(.init3)
 *(.init3)
 *(.init4)
 .init4         0x0000000000000060       0x16 d:/folders/sprint/gcc compiler and avrdude/avr-gcc-9.2.0-x64-mingw/avr-gcc-9.2.0-x64-mingw/bin/../lib/gcc/avr/9.2.0/avr5\libgcc.a(_copy_data.o)
                0x0000000000000060                __do_copy_data
 .init4         0x0000000000000076       0x10 d:/folders/sprint/gcc compiler and avrdude/avr-gcc-9.2.0-x64-mingw/avr-gcc-9.2.0-x64-mingw/bin/../lib/gcc/avr/9.2.0/avr5\libgcc.a(_clear_bss.o)
                0x0000000000000076                __do_clear_bss
 *(.init4)
 *(.init5)
 *(.init5)
 *(.init6)
 *(.init6)
 *(.init7)
 *(.init7)
 *(.init8)
 *(.init8)
 *(.init9)
 .init9         0x0000000000000086        0x8 C:/Program Files (x86)/Atmel/Studio/7.0/Packs/atmel/ATmega_DFP/1.2.209/gcc/dev/atmega32/avr5/crtatmega32.o
 *(.init9)
 *(.text)
 .text          0x000000000000008e        0x4 C:/Program Files (x86)/Atmel/Studio/7.0/Packs/atmel/ATmega_DFP/1.2.209/gcc/dev/atmega32/avr5/crtatmega32.o
                0x000000000000008e                __vector_1
                0x000000000000008e                __vector_12
                0x000000000000008e                __bad_interrupt
                0x000000000000008e                __vector_6
                0x000000000000008e                __vector_3
                0x000000000000008e                __vector_11
                0x000000000000008e                __vector_13
                0x000000000000008e                __vector_17
                0x000000000000008e                __vector_19
                0x000000000000008e                __vector_5
                0x000000000000008e                __vector_9
                0x000000000000008e                __vector_2
                0x000000000000008e                __vector_15
                0x000000000000008e                __vector_14
                0x000000000000008e                __vector_16
                0x000000000000008e                __vector_18
                0x000000000000008e                __vector_20
                0x0000000000000092                . = ALIGN (0x2)
 *(.text.*)
 .text.LED_0_500mili_Oneshot
                0x0000000000000092       0x12 AAL/APP.o
                0x0000000000000092                LED_0_500mili_Oneshot
 .text.LED_1_100mili_Periodic
                0x00000000000000a4       0x10 AAL/APP.o
                0x00000000000000a4                LED_1_100mili_Periodic
 .text.LED_2_200mili_Periodic
                0x00000000000000b4       0x10 AAL/APP.o
                0x00000000000000b4                LED_2_200mili_Periodic
 .text.main     0x00000000000000c4       0x42 AAL/APP.o
                0x00000000000000c4                main
 .text.DIO_INIT_Pin
                0x0000000000000106      0x120 MCAL/DIO.o
                0x0000000000000106                DIO_INIT_Pin
 .text.DIO_Write_Pin
                0x0000000000000226      0x120 MCAL/DIO.o
                0x0000000000000226                DIO_Write_Pin
 .text.DIO_toggle_Pin
                0x0000000000000346       0x94 MCAL/DIO.o
                0x0000000000000346                DIO_toggle_Pin
 .text.TMU_Function_ISR
                0x00000000000003da       0x28 Service/TMU.o
 .text.TMU_Init
                0x0000000000000402       0x30 Service/TMU.o
                0x0000000000000402                TMU_Init
 .text.TMU_Start
                0x0000000000000432       0xc0 Service/TMU.o
                0x0000000000000432                TMU_Start
 .text.TMU_Stop
                0x00000000000004f2       0xac Service/TMU.o
                0x00000000000004f2                TMU_Stop
 .text.TMU_Dispatch
                0x000000000000059e      0x18a Service/TMU.o
                0x000000000000059e                TMU_Dispatch
 .text.Timer_Init
                0x0000000000000728       0x9c MCAL/Timer.o
                0x0000000000000728                Timer_Init
 .text.Timer_Start
                0x00000000000007c4      0x11a MCAL/Timer.o
                0x00000000000007c4                Timer_Start
 .text.__vector_10
                0x00000000000008de       0x4e MCAL/Timer.o
                0x00000000000008de                __vector_10
 .text.__vector_7
                0x000000000000092c       0x4e MCAL/Timer.o
                0x000000000000092c                __vector_7
 .text.__vector_8
                0x000000000000097a       0x4e MCAL/Timer.o
                0x000000000000097a                __vector_8
 .text.__vector_4
                0x00000000000009c8       0x4e MCAL/Timer.o
                0x00000000000009c8                __vector_4
 .text.libgcc.mul
                0x0000000000000a16       0x20 d:/folders/sprint/gcc compiler and avrdude/avr-gcc-9.2.0-x64-mingw/avr-gcc-9.2.0-x64-mingw/bin/../lib/gcc/avr/9.2.0/avr5\libgcc.a(_mulsi3.o)
                0x0000000000000a16                __mulsi3
 .text.libgcc.mul
                0x0000000000000a36       0x16 d:/folders/sprint/gcc compiler and avrdude/avr-gcc-9.2.0-x64-mingw/avr-gcc-9.2.0-x64-mingw/bin/../lib/gcc/avr/9.2.0/avr5\libgcc.a(_muluhisi3.o)
                0x0000000000000a36                __muluhisi3
 .text.libgcc.mul
                0x0000000000000a4c       0x1e d:/folders/sprint/gcc compiler and avrdude/avr-gcc-9.2.0-x64-mingw/avr-gcc-9.2.0-x64-mingw/bin/../lib/gcc/avr/9.2.0/avr5\libgcc.a(_umulhisi3.o)
                0x0000000000000a4c                __umulhisi3
                0x0000000000000a6a                . = ALIGN (0x2)
 *(.fini9)
 .fini9         0x0000000000000a6a        0x0 d:/folders/sprint/gcc compiler and avrdude/avr-gcc-9.2.0-x64-mingw/avr-gcc-9.2.0-x64-mingw/bin/../lib/gcc/avr/9.2.0/avr5\libgcc.a(_exit.o)
                0x0000000000000a6a                _exit
                0x0000000000000a6a                exit
 *(.fini9)
 *(.fini8)
 *(.fini8)
 *(.fini7)
 *(.fini7)
 *(.fini6)
 *(.fini6)
 *(.fini5)
 *(.fini5)
 *(.fini4)
 *(.fini4)
 *(.fini3)
 *(.fini3)
 *(.fini2)
 *(.fini2)
 *(.fini1)
 *(.fini1)
 *(.fini0)
 .fini0         0x0000000000000a6a        0x4 d:/folders/sprint/gcc compiler and avrdude/avr-gcc-9.2.0-x64-mingw/avr-gcc-9.2.0-x64-mingw/bin/../lib/gcc/avr/9.2.0/avr5\libgcc.a(_exit.o)
 *(.fini0)
 *(.hightext)
 *(.hightext*)
 *(.progmemx.*)
                0x0000000000000a6e                . = ALIGN (0x2)
 *(.jumptables)
 *(.jumptables*)
                0x0000000000000a6e                _etext = .

.data           0x0000000000800060        0x2 load address 0x0000000000000a6e
                0x0000000000800060                PROVIDE (__data_start = .)
 *(.data)
 *(.data*)
 .data.su8_1st_start_Dispatch_Flag.1566
                0x0000000000800060        0x1 Service/TMU.o
 *(.gnu.linkonce.d*)
 *(.rodata)
 *(.rodata*)
 *(.gnu.linkonce.r*)
                0x0000000000800062                . = ALIGN (0x2)
 *fill*         0x0000000000800061        0x1 
                0x0000000000800062                _edata = .
                0x0000000000800062                PROVIDE (__data_end = .)

.bss            0x0000000000800062       0x3a
                0x0000000000800062                PROVIDE (__bss_start = .)
 *(.bss)
 *(.bss*)
 .bss.sgu64_TMU_Timer_ISR_Count
                0x0000000000800062        0x4 Service/TMU.o
 .bss.sgu16_TMU_index
                0x0000000000800066        0x4 Service/TMU.o
 .bss.sga_TMU_Events
                0x000000000080006a       0x21 Service/TMU.o
 .bss.sgpfun_TIMER2_CMP_ISR_Function
                0x000000000080008b        0x2 MCAL/Timer.o
 .bss.sgpfun_TIMER0_CMPB_ISR_Function
                0x000000000080008d        0x2 MCAL/Timer.o
 .bss.sgpfun_TIMER0_CMPA_ISR_Function
                0x000000000080008f        0x2 MCAL/Timer.o
 .bss.sgpfun_TIMER0_CMP_ISR_Function
                0x0000000000800091        0x2 MCAL/Timer.o
 .bss.sgau8_TIMERChannel
                0x0000000000800093        0x3 MCAL/Timer.o
 .bss.sgau8_TIMERMode
                0x0000000000800096        0x3 MCAL/Timer.o
 .bss.sgau8_Interrupt_Mode
                0x0000000000800099        0x3 MCAL/Timer.o
 *(COMMON)
                0x000000000080009c                PROVIDE (__bss_end = .)
                0x0000000000000a6e                __data_load_start = LOADADDR (.data)
                0x0000000000000a70                __data_load_end = (__data_load_start + SIZEOF (.data))

.noinit         0x000000000080009c        0x0
                [!provide]                        PROVIDE (__noinit_start = .)
 *(.noinit*)
                [!provide]                        PROVIDE (__noinit_end = .)
                0x000000000080009c                _end = .
                [!provide]                        PROVIDE (__heap_start = .)

.eeprom         0x0000000000810000        0x0
 *(.eeprom*)
                0x0000000000810000                __eeprom_end = .

.fuse
 *(.fuse)
 *(.lfuse)
 *(.hfuse)
 *(.efuse)

.lock
 *(.lock*)

.signature
 *(.signature*)

.stab
 *(.stab)

.stabstr
 *(.stabstr)

.stab.excl
 *(.stab.excl)

.stab.exclstr
 *(.stab.exclstr)

.stab.index
 *(.stab.index)

.stab.indexstr
 *(.stab.indexstr)

.comment        0x0000000000000000       0x11
 *(.comment)
 .comment       0x0000000000000000       0x11 AAL/APP.o
                                         0x12 (size before relaxing)
 .comment       0x0000000000000011       0x12 MCAL/DIO.o
 .comment       0x0000000000000011       0x12 Service/TMU.o
 .comment       0x0000000000000011       0x12 MCAL/Timer.o

.note.gnu.avr.deviceinfo
                0x0000000000000000       0x3c
 .note.gnu.avr.deviceinfo
                0x0000000000000000       0x3c C:/Program Files (x86)/Atmel/Studio/7.0/Packs/atmel/ATmega_DFP/1.2.209/gcc/dev/atmega32/avr5/crtatmega32.o

.note.gnu.build-id
 *(.note.gnu.build-id)

.debug
 *(.debug)

.line
 *(.line)

.debug_srcinfo
 *(.debug_srcinfo)

.debug_sfnames
 *(.debug_sfnames)

.debug_aranges  0x0000000000000000      0x210
 *(.debug_aranges)
 .debug_aranges
                0x0000000000000000       0x38 AAL/APP.o
 .debug_aranges
                0x0000000000000038       0x70 MCAL/DIO.o
 .debug_aranges
                0x00000000000000a8       0x40 Service/TMU.o
 .debug_aranges
                0x00000000000000e8       0x68 MCAL/Timer.o
 .debug_aranges
                0x0000000000000150       0x20 d:/folders/sprint/gcc compiler and avrdude/avr-gcc-9.2.0-x64-mingw/avr-gcc-9.2.0-x64-mingw/bin/../lib/gcc/avr/9.2.0/avr5\libgcc.a(_mulsi3.o)
 .debug_aranges
                0x0000000000000170       0x20 d:/folders/sprint/gcc compiler and avrdude/avr-gcc-9.2.0-x64-mingw/avr-gcc-9.2.0-x64-mingw/bin/../lib/gcc/avr/9.2.0/avr5\libgcc.a(_exit.o)
 .debug_aranges
                0x0000000000000190       0x20 d:/folders/sprint/gcc compiler and avrdude/avr-gcc-9.2.0-x64-mingw/avr-gcc-9.2.0-x64-mingw/bin/../lib/gcc/avr/9.2.0/avr5\libgcc.a(_copy_data.o)
 .debug_aranges
                0x00000000000001b0       0x20 d:/folders/sprint/gcc compiler and avrdude/avr-gcc-9.2.0-x64-mingw/avr-gcc-9.2.0-x64-mingw/bin/../lib/gcc/avr/9.2.0/avr5\libgcc.a(_clear_bss.o)
 .debug_aranges
                0x00000000000001d0       0x20 d:/folders/sprint/gcc compiler and avrdude/avr-gcc-9.2.0-x64-mingw/avr-gcc-9.2.0-x64-mingw/bin/../lib/gcc/avr/9.2.0/avr5\libgcc.a(_muluhisi3.o)
 .debug_aranges
                0x00000000000001f0       0x20 d:/folders/sprint/gcc compiler and avrdude/avr-gcc-9.2.0-x64-mingw/avr-gcc-9.2.0-x64-mingw/bin/../lib/gcc/avr/9.2.0/avr5\libgcc.a(_umulhisi3.o)

.debug_pubnames
 *(.debug_pubnames)

.debug_info     0x0000000000000000     0x12c3
 *(.debug_info .gnu.linkonce.wi.*)
 .debug_info    0x0000000000000000      0x4e6 C:/Program Files (x86)/Atmel/Studio/7.0/Packs/atmel/ATmega_DFP/1.2.209/gcc/dev/atmega32/avr5/crtatmega32.o
 .debug_info    0x00000000000004e6      0x246 AAL/APP.o
 .debug_info    0x000000000000072c      0x3b6 MCAL/DIO.o
 .debug_info    0x0000000000000ae2      0x35f Service/TMU.o
 .debug_info    0x0000000000000e41      0x39e MCAL/Timer.o
 .debug_info    0x00000000000011df       0x26 d:/folders/sprint/gcc compiler and avrdude/avr-gcc-9.2.0-x64-mingw/avr-gcc-9.2.0-x64-mingw/bin/../lib/gcc/avr/9.2.0/avr5\libgcc.a(_mulsi3.o)
 .debug_info    0x0000000000001205       0x26 d:/folders/sprint/gcc compiler and avrdude/avr-gcc-9.2.0-x64-mingw/avr-gcc-9.2.0-x64-mingw/bin/../lib/gcc/avr/9.2.0/avr5\libgcc.a(_exit.o)
 .debug_info    0x000000000000122b       0x26 d:/folders/sprint/gcc compiler and avrdude/avr-gcc-9.2.0-x64-mingw/avr-gcc-9.2.0-x64-mingw/bin/../lib/gcc/avr/9.2.0/avr5\libgcc.a(_copy_data.o)
 .debug_info    0x0000000000001251       0x26 d:/folders/sprint/gcc compiler and avrdude/avr-gcc-9.2.0-x64-mingw/avr-gcc-9.2.0-x64-mingw/bin/../lib/gcc/avr/9.2.0/avr5\libgcc.a(_clear_bss.o)
 .debug_info    0x0000000000001277       0x26 d:/folders/sprint/gcc compiler and avrdude/avr-gcc-9.2.0-x64-mingw/avr-gcc-9.2.0-x64-mingw/bin/../lib/gcc/avr/9.2.0/avr5\libgcc.a(_muluhisi3.o)
 .debug_info    0x000000000000129d       0x26 d:/folders/sprint/gcc compiler and avrdude/avr-gcc-9.2.0-x64-mingw/avr-gcc-9.2.0-x64-mingw/bin/../lib/gcc/avr/9.2.0/avr5\libgcc.a(_umulhisi3.o)

.debug_abbrev   0x0000000000000000      0x9e3
 *(.debug_abbrev)
 .debug_abbrev  0x0000000000000000      0x4a3 C:/Program Files (x86)/Atmel/Studio/7.0/Packs/atmel/ATmega_DFP/1.2.209/gcc/dev/atmega32/avr5/crtatmega32.o
 .debug_abbrev  0x00000000000004a3       0xa4 AAL/APP.o
 .debug_abbrev  0x0000000000000547      0x134 MCAL/DIO.o
 .debug_abbrev  0x000000000000067b      0x197 Service/TMU.o
 .debug_abbrev  0x0000000000000812      0x159 MCAL/Timer.o
 .debug_abbrev  0x000000000000096b       0x14 d:/folders/sprint/gcc compiler and avrdude/avr-gcc-9.2.0-x64-mingw/avr-gcc-9.2.0-x64-mingw/bin/../lib/gcc/avr/9.2.0/avr5\libgcc.a(_mulsi3.o)
 .debug_abbrev  0x000000000000097f       0x14 d:/folders/sprint/gcc compiler and avrdude/avr-gcc-9.2.0-x64-mingw/avr-gcc-9.2.0-x64-mingw/bin/../lib/gcc/avr/9.2.0/avr5\libgcc.a(_exit.o)
 .debug_abbrev  0x0000000000000993       0x14 d:/folders/sprint/gcc compiler and avrdude/avr-gcc-9.2.0-x64-mingw/avr-gcc-9.2.0-x64-mingw/bin/../lib/gcc/avr/9.2.0/avr5\libgcc.a(_copy_data.o)
 .debug_abbrev  0x00000000000009a7       0x14 d:/folders/sprint/gcc compiler and avrdude/avr-gcc-9.2.0-x64-mingw/avr-gcc-9.2.0-x64-mingw/bin/../lib/gcc/avr/9.2.0/avr5\libgcc.a(_clear_bss.o)
 .debug_abbrev  0x00000000000009bb       0x14 d:/folders/sprint/gcc compiler and avrdude/avr-gcc-9.2.0-x64-mingw/avr-gcc-9.2.0-x64-mingw/bin/../lib/gcc/avr/9.2.0/avr5\libgcc.a(_muluhisi3.o)
 .debug_abbrev  0x00000000000009cf       0x14 d:/folders/sprint/gcc compiler and avrdude/avr-gcc-9.2.0-x64-mingw/avr-gcc-9.2.0-x64-mingw/bin/../lib/gcc/avr/9.2.0/avr5\libgcc.a(_umulhisi3.o)

.debug_line     0x0000000000000000     0x29a3
 *(.debug_line .debug_line.* .debug_line_end)
 .debug_line    0x0000000000000000      0x115 C:/Program Files (x86)/Atmel/Studio/7.0/Packs/atmel/ATmega_DFP/1.2.209/gcc/dev/atmega32/avr5/crtatmega32.o
 .debug_line    0x0000000000000115      0x123 AAL/APP.o
 .debug_line    0x0000000000000238     0x1756 MCAL/DIO.o
 .debug_line    0x000000000000198e      0x4e2 Service/TMU.o
 .debug_line    0x0000000000001e70      0x7c7 MCAL/Timer.o
 .debug_line    0x0000000000002637       0xaf d:/folders/sprint/gcc compiler and avrdude/avr-gcc-9.2.0-x64-mingw/avr-gcc-9.2.0-x64-mingw/bin/../lib/gcc/avr/9.2.0/avr5\libgcc.a(_mulsi3.o)
 .debug_line    0x00000000000026e6       0x61 d:/folders/sprint/gcc compiler and avrdude/avr-gcc-9.2.0-x64-mingw/avr-gcc-9.2.0-x64-mingw/bin/../lib/gcc/avr/9.2.0/avr5\libgcc.a(_exit.o)
 .debug_line    0x0000000000002747       0x97 d:/folders/sprint/gcc compiler and avrdude/avr-gcc-9.2.0-x64-mingw/avr-gcc-9.2.0-x64-mingw/bin/../lib/gcc/avr/9.2.0/avr5\libgcc.a(_copy_data.o)
 .debug_line    0x00000000000027de       0x85 d:/folders/sprint/gcc compiler and avrdude/avr-gcc-9.2.0-x64-mingw/avr-gcc-9.2.0-x64-mingw/bin/../lib/gcc/avr/9.2.0/avr5\libgcc.a(_clear_bss.o)
 .debug_line    0x0000000000002863       0x91 d:/folders/sprint/gcc compiler and avrdude/avr-gcc-9.2.0-x64-mingw/avr-gcc-9.2.0-x64-mingw/bin/../lib/gcc/avr/9.2.0/avr5\libgcc.a(_muluhisi3.o)
 .debug_line    0x00000000000028f4       0xaf d:/folders/sprint/gcc compiler and avrdude/avr-gcc-9.2.0-x64-mingw/avr-gcc-9.2.0-x64-mingw/bin/../lib/gcc/avr/9.2.0/avr5\libgcc.a(_umulhisi3.o)

.debug_frame    0x0000000000000000      0x3e4
 *(.debug_frame)
 .debug_frame   0x0000000000000000       0x54 AAL/APP.o
 .debug_frame   0x0000000000000054       0xc4 MCAL/DIO.o
 .debug_frame   0x0000000000000118       0xf8 Service/TMU.o
 .debug_frame   0x0000000000000210      0x1d4 MCAL/Timer.o

.debug_str      0x0000000000000000      0x903
 *(.debug_str)
 .debug_str     0x0000000000000000      0x196 C:/Program Files (x86)/Atmel/Studio/7.0/Packs/atmel/ATmega_DFP/1.2.209/gcc/dev/atmega32/avr5/crtatmega32.o
 .debug_str     0x0000000000000196      0x1de AAL/APP.o
                                        0x20d (size before relaxing)
 .debug_str     0x0000000000000374       0xe5 MCAL/DIO.o
                                        0x288 (size before relaxing)
 .debug_str     0x0000000000000459      0x1f7 Service/TMU.o
                                        0x39b (size before relaxing)
 .debug_str     0x0000000000000650      0x251 MCAL/Timer.o
                                        0x43d (size before relaxing)
 .debug_str     0x00000000000008a1       0x62 d:/folders/sprint/gcc compiler and avrdude/avr-gcc-9.2.0-x64-mingw/avr-gcc-9.2.0-x64-mingw/bin/../lib/gcc/avr/9.2.0/avr5\libgcc.a(_mulsi3.o)
 .debug_str     0x0000000000000903       0x62 d:/folders/sprint/gcc compiler and avrdude/avr-gcc-9.2.0-x64-mingw/avr-gcc-9.2.0-x64-mingw/bin/../lib/gcc/avr/9.2.0/avr5\libgcc.a(_exit.o)
 .debug_str     0x0000000000000903       0x62 d:/folders/sprint/gcc compiler and avrdude/avr-gcc-9.2.0-x64-mingw/avr-gcc-9.2.0-x64-mingw/bin/../lib/gcc/avr/9.2.0/avr5\libgcc.a(_copy_data.o)
 .debug_str     0x0000000000000903       0x62 d:/folders/sprint/gcc compiler and avrdude/avr-gcc-9.2.0-x64-mingw/avr-gcc-9.2.0-x64-mingw/bin/../lib/gcc/avr/9.2.0/avr5\libgcc.a(_clear_bss.o)
 .debug_str     0x0000000000000903       0x62 d:/folders/sprint/gcc compiler and avrdude/avr-gcc-9.2.0-x64-mingw/avr-gcc-9.2.0-x64-mingw/bin/../lib/gcc/avr/9.2.0/avr5\libgcc.a(_muluhisi3.o)
 .debug_str     0x0000000000000903       0x62 d:/folders/sprint/gcc compiler and avrdude/avr-gcc-9.2.0-x64-mingw/avr-gcc-9.2.0-x64-mingw/bin/../lib/gcc/avr/9.2.0/avr5\libgcc.a(_umulhisi3.o)

.debug_loc      0x0000000000000000     0x18b5
 *(.debug_loc)
 .debug_loc     0x0000000000000000     0x139a MCAL/DIO.o
 .debug_loc     0x000000000000139a      0x203 Service/TMU.o
 .debug_loc     0x000000000000159d      0x318 MCAL/Timer.o

.debug_macinfo
 *(.debug_macinfo)

.debug_weaknames
 *(.debug_weaknames)

.debug_funcnames
 *(.debug_funcnames)

.debug_typenames
 *(.debug_typenames)

.debug_varnames
 *(.debug_varnames)

.debug_pubtypes
 *(.debug_pubtypes)

.debug_ranges   0x0000000000000000      0x128
 *(.debug_ranges)
 .debug_ranges  0x0000000000000000       0x28 AAL/APP.o
 .debug_ranges  0x0000000000000028       0x60 MCAL/DIO.o
 .debug_ranges  0x0000000000000088       0x48 Service/TMU.o
 .debug_ranges  0x00000000000000d0       0x58 MCAL/Timer.o

.debug_macro
 *(.debug_macro)

.debug_addr
 *(.debug_addr)
OUTPUT(Timer_managment_Unit.elf elf32-avr)
LOAD linker stubs
