Archive member included to satisfy reference by file (symbol)

d:/folders/sprint/gcc compiler and avrdude/avr-gcc-9.2.0-x64-mingw/avr-gcc-9.2.0-x64-mingw/bin/../lib/gcc/avr/9.2.0/avr5\libgcc.a(_exit.o)
                              C:/Program Files (x86)/Atmel/Studio/7.0/Packs/atmel/ATmega_DFP/1.2.209/gcc/dev/atmega32/avr5/crtatmega32.o (exit)
d:/folders/sprint/gcc compiler and avrdude/avr-gcc-9.2.0-x64-mingw/avr-gcc-9.2.0-x64-mingw/bin/../lib/gcc/avr/9.2.0/avr5\libgcc.a(_clear_bss.o)
                              AAL/APP.o (__do_clear_bss)

Discarded input sections

 .data          0x0000000000000000        0x0 C:/Program Files (x86)/Atmel/Studio/7.0/Packs/atmel/ATmega_DFP/1.2.209/gcc/dev/atmega32/avr5/crtatmega32.o
 .bss           0x0000000000000000        0x0 C:/Program Files (x86)/Atmel/Studio/7.0/Packs/atmel/ATmega_DFP/1.2.209/gcc/dev/atmega32/avr5/crtatmega32.o
 .text          0x0000000000000000        0x0 AAL/APP.o
 .data          0x0000000000000000        0x0 AAL/APP.o
 .bss           0x0000000000000000        0x0 AAL/APP.o
 .text          0x0000000000000000        0x0 MCAL/DIO.o
 .data          0x0000000000000000        0x0 MCAL/DIO.o
 .bss           0x0000000000000000        0x0 MCAL/DIO.o
 .text.DIO_INIT_PORT
                0x0000000000000000       0x62 MCAL/DIO.o
 .text.DIO_Init_Nibble
                0x0000000000000000      0x14c MCAL/DIO.o
 .text.DIO_Read_Port
                0x0000000000000000       0x2a MCAL/DIO.o
 .text.DIO_Write_Port
                0x0000000000000000       0x32 MCAL/DIO.o
 .text.DIO_Read_Pin
                0x0000000000000000       0x82 MCAL/DIO.o
 .text.DIO_toggle_Port
                0x0000000000000000       0x42 MCAL/DIO.o
 .text.DIO_Read_Nibble
                0x0000000000000000      0x138 MCAL/DIO.o
 .text.DIO_Write_Nibble
                0x0000000000000000       0xfc MCAL/DIO.o
 .text          0x0000000000000000        0x0 MCAL/Timer.o
 .data          0x0000000000000000        0x0 MCAL/Timer.o
 .bss           0x0000000000000000        0x0 MCAL/Timer.o
 .text.Timer_Stop
                0x0000000000000000       0x2c MCAL/Timer.o
 .text.Timer_Get_tickCount
                0x0000000000000000        0xc MCAL/Timer.o
 .text.Timer_Get_FlagStatus
                0x0000000000000000       0x20 MCAL/Timer.o
 .text.Timer_Reset
                0x0000000000000000       0x2a MCAL/Timer.o
 .text          0x0000000000000000        0x0 d:/folders/sprint/gcc compiler and avrdude/avr-gcc-9.2.0-x64-mingw/avr-gcc-9.2.0-x64-mingw/bin/../lib/gcc/avr/9.2.0/avr5\libgcc.a(_exit.o)
 .data          0x0000000000000000        0x0 d:/folders/sprint/gcc compiler and avrdude/avr-gcc-9.2.0-x64-mingw/avr-gcc-9.2.0-x64-mingw/bin/../lib/gcc/avr/9.2.0/avr5\libgcc.a(_exit.o)
 .bss           0x0000000000000000        0x0 d:/folders/sprint/gcc compiler and avrdude/avr-gcc-9.2.0-x64-mingw/avr-gcc-9.2.0-x64-mingw/bin/../lib/gcc/avr/9.2.0/avr5\libgcc.a(_exit.o)
 .text.libgcc.mul
                0x0000000000000000        0x0 d:/folders/sprint/gcc compiler and avrdude/avr-gcc-9.2.0-x64-mingw/avr-gcc-9.2.0-x64-mingw/bin/../lib/gcc/avr/9.2.0/avr5\libgcc.a(_exit.o)
 .text.libgcc.div
                0x0000000000000000        0x0 d:/folders/sprint/gcc compiler and avrdude/avr-gcc-9.2.0-x64-mingw/avr-gcc-9.2.0-x64-mingw/bin/../lib/gcc/avr/9.2.0/avr5\libgcc.a(_exit.o)
 .text.libgcc   0x0000000000000000        0x0 d:/folders/sprint/gcc compiler and avrdude/avr-gcc-9.2.0-x64-mingw/avr-gcc-9.2.0-x64-mingw/bin/../lib/gcc/avr/9.2.0/avr5\libgcc.a(_exit.o)
 .text.libgcc.prologue
                0x0000000000000000        0x0 d:/folders/sprint/gcc compiler and avrdude/avr-gcc-9.2.0-x64-mingw/avr-gcc-9.2.0-x64-mingw/bin/../lib/gcc/avr/9.2.0/avr5\libgcc.a(_exit.o)
 .text.libgcc.builtins
                0x0000000000000000        0x0 d:/folders/sprint/gcc compiler and avrdude/avr-gcc-9.2.0-x64-mingw/avr-gcc-9.2.0-x64-mingw/bin/../lib/gcc/avr/9.2.0/avr5\libgcc.a(_exit.o)
 .text.libgcc.fmul
                0x0000000000000000        0x0 d:/folders/sprint/gcc compiler and avrdude/avr-gcc-9.2.0-x64-mingw/avr-gcc-9.2.0-x64-mingw/bin/../lib/gcc/avr/9.2.0/avr5\libgcc.a(_exit.o)
 .text.libgcc.fixed
                0x0000000000000000        0x0 d:/folders/sprint/gcc compiler and avrdude/avr-gcc-9.2.0-x64-mingw/avr-gcc-9.2.0-x64-mingw/bin/../lib/gcc/avr/9.2.0/avr5\libgcc.a(_exit.o)
 .text          0x0000000000000000        0x0 d:/folders/sprint/gcc compiler and avrdude/avr-gcc-9.2.0-x64-mingw/avr-gcc-9.2.0-x64-mingw/bin/../lib/gcc/avr/9.2.0/avr5\libgcc.a(_clear_bss.o)
 .data          0x0000000000000000        0x0 d:/folders/sprint/gcc compiler and avrdude/avr-gcc-9.2.0-x64-mingw/avr-gcc-9.2.0-x64-mingw/bin/../lib/gcc/avr/9.2.0/avr5\libgcc.a(_clear_bss.o)
 .bss           0x0000000000000000        0x0 d:/folders/sprint/gcc compiler and avrdude/avr-gcc-9.2.0-x64-mingw/avr-gcc-9.2.0-x64-mingw/bin/../lib/gcc/avr/9.2.0/avr5\libgcc.a(_clear_bss.o)
 .text.libgcc.mul
                0x0000000000000000        0x0 d:/folders/sprint/gcc compiler and avrdude/avr-gcc-9.2.0-x64-mingw/avr-gcc-9.2.0-x64-mingw/bin/../lib/gcc/avr/9.2.0/avr5\libgcc.a(_clear_bss.o)
 .text.libgcc.div
                0x0000000000000000        0x0 d:/folders/sprint/gcc compiler and avrdude/avr-gcc-9.2.0-x64-mingw/avr-gcc-9.2.0-x64-mingw/bin/../lib/gcc/avr/9.2.0/avr5\libgcc.a(_clear_bss.o)
 .text.libgcc   0x0000000000000000        0x0 d:/folders/sprint/gcc compiler and avrdude/avr-gcc-9.2.0-x64-mingw/avr-gcc-9.2.0-x64-mingw/bin/../lib/gcc/avr/9.2.0/avr5\libgcc.a(_clear_bss.o)
 .text.libgcc.prologue
                0x0000000000000000        0x0 d:/folders/sprint/gcc compiler and avrdude/avr-gcc-9.2.0-x64-mingw/avr-gcc-9.2.0-x64-mingw/bin/../lib/gcc/avr/9.2.0/avr5\libgcc.a(_clear_bss.o)
 .text.libgcc.builtins
                0x0000000000000000        0x0 d:/folders/sprint/gcc compiler and avrdude/avr-gcc-9.2.0-x64-mingw/avr-gcc-9.2.0-x64-mingw/bin/../lib/gcc/avr/9.2.0/avr5\libgcc.a(_clear_bss.o)
 .text.libgcc.fmul
                0x0000000000000000        0x0 d:/folders/sprint/gcc compiler and avrdude/avr-gcc-9.2.0-x64-mingw/avr-gcc-9.2.0-x64-mingw/bin/../lib/gcc/avr/9.2.0/avr5\libgcc.a(_clear_bss.o)
 .text.libgcc.fixed
                0x0000000000000000        0x0 d:/folders/sprint/gcc compiler and avrdude/avr-gcc-9.2.0-x64-mingw/avr-gcc-9.2.0-x64-mingw/bin/../lib/gcc/avr/9.2.0/avr5\libgcc.a(_clear_bss.o)

Memory Configuration

Name             Origin             Length             Attributes
text             0x0000000000000000 0x0000000000020000 xr
data             0x0000000000800060 0x000000000000ffa0 rw !x
eeprom           0x0000000000810000 0x0000000000010000 rw !x
fuse             0x0000000000820000 0x0000000000000002 rw !x
lock             0x0000000000830000 0x0000000000000400 rw !x
signature        0x0000000000840000 0x0000000000000400 rw !x
user_signatures  0x0000000000850000 0x0000000000000400 rw !x
*default*        0x0000000000000000 0xffffffffffffffff

Linker script and memory map

LOAD C:/Program Files (x86)/Atmel/Studio/7.0/Packs/atmel/ATmega_DFP/1.2.209/gcc/dev/atmega32/avr5/crtatmega32.o
LOAD AAL/APP.o
LOAD MCAL/DIO.o
LOAD MCAL/Timer.o
START GROUP
LOAD d:/folders/sprint/gcc compiler and avrdude/avr-gcc-9.2.0-x64-mingw/avr-gcc-9.2.0-x64-mingw/bin/../lib/gcc/avr/9.2.0/../../../../avr/lib/avr5\libm.a
END GROUP
START GROUP
LOAD d:/folders/sprint/gcc compiler and avrdude/avr-gcc-9.2.0-x64-mingw/avr-gcc-9.2.0-x64-mingw/bin/../lib/gcc/avr/9.2.0/avr5\libgcc.a
LOAD d:/folders/sprint/gcc compiler and avrdude/avr-gcc-9.2.0-x64-mingw/avr-gcc-9.2.0-x64-mingw/bin/../lib/gcc/avr/9.2.0/../../../../avr/lib/avr5\libm.a
LOAD d:/folders/sprint/gcc compiler and avrdude/avr-gcc-9.2.0-x64-mingw/avr-gcc-9.2.0-x64-mingw/bin/../lib/gcc/avr/9.2.0/../../../../avr/lib/avr5\libc.a
LOAD C:/Program Files (x86)/Atmel/Studio/7.0/Packs/atmel/ATmega_DFP/1.2.209/gcc/dev/atmega32/avr5\libatmega32.a
END GROUP
                0x0000000000020000                __TEXT_REGION_LENGTH__ = DEFINED (__TEXT_REGION_LENGTH__)?__TEXT_REGION_LENGTH__:0x20000
                0x000000000000ffa0                __DATA_REGION_LENGTH__ = DEFINED (__DATA_REGION_LENGTH__)?__DATA_REGION_LENGTH__:0xffa0
                0x0000000000010000                __EEPROM_REGION_LENGTH__ = DEFINED (__EEPROM_REGION_LENGTH__)?__EEPROM_REGION_LENGTH__:0x10000
                [0x0000000000000002]                __FUSE_REGION_LENGTH__ = DEFINED (__FUSE_REGION_LENGTH__)?__FUSE_REGION_LENGTH__:0x400
                0x0000000000000400                __LOCK_REGION_LENGTH__ = DEFINED (__LOCK_REGION_LENGTH__)?__LOCK_REGION_LENGTH__:0x400
                0x0000000000000400                __SIGNATURE_REGION_LENGTH__ = DEFINED (__SIGNATURE_REGION_LENGTH__)?__SIGNATURE_REGION_LENGTH__:0x400
                0x0000000000000400                __USER_SIGNATURE_REGION_LENGTH__ = DEFINED (__USER_SIGNATURE_REGION_LENGTH__)?__USER_SIGNATURE_REGION_LENGTH__:0x400

.hash
 *(.hash)

.dynsym
 *(.dynsym)

.dynstr
 *(.dynstr)

.gnu.version
 *(.gnu.version)

.gnu.version_d
 *(.gnu.version_d)

.gnu.version_r
 *(.gnu.version_r)

.rel.init
 *(.rel.init)

.rela.init
 *(.rela.init)

.rel.text
 *(.rel.text)
 *(.rel.text.*)
 *(.rel.gnu.linkonce.t*)

.rela.text
 *(.rela.text)
 *(.rela.text.*)
 *(.rela.gnu.linkonce.t*)

.rel.fini
 *(.rel.fini)

.rela.fini
 *(.rela.fini)

.rel.rodata
 *(.rel.rodata)
 *(.rel.rodata.*)
 *(.rel.gnu.linkonce.r*)

.rela.rodata
 *(.rela.rodata)
 *(.rela.rodata.*)
 *(.rela.gnu.linkonce.r*)

.rel.data
 *(.rel.data)
 *(.rel.data.*)
 *(.rel.gnu.linkonce.d*)

.rela.data
 *(.rela.data)
 *(.rela.data.*)
 *(.rela.gnu.linkonce.d*)

.rel.ctors
 *(.rel.ctors)

.rela.ctors
 *(.rela.ctors)

.rel.dtors
 *(.rel.dtors)

.rela.dtors
 *(.rela.dtors)

.rel.got
 *(.rel.got)

.rela.got
 *(.rela.got)

.rel.bss
 *(.rel.bss)

.rela.bss
 *(.rela.bss)

.rel.plt
 *(.rel.plt)

.rela.plt
 *(.rela.plt)

.text           0x0000000000000000      0x85c
 *(.vectors)
 .vectors       0x0000000000000000       0x54 C:/Program Files (x86)/Atmel/Studio/7.0/Packs/atmel/ATmega_DFP/1.2.209/gcc/dev/atmega32/avr5/crtatmega32.o
                0x0000000000000000                __vector_default
                0x0000000000000000                __vectors
 *(.vectors)
 *(.progmem.gcc*)
                0x0000000000000054                . = ALIGN (0x2)
                0x0000000000000054                __trampolines_start = .
 *(.trampolines)
 .trampolines   0x0000000000000054        0x0 linker stubs
 *(.trampolines*)
                0x0000000000000054                __trampolines_end = .
 *libprintf_flt.a:*(.progmem.data)
 *libc.a:*(.progmem.data)
 *(.progmem.*)
                0x0000000000000054                . = ALIGN (0x2)
 *(.lowtext)
 *(.lowtext*)
                0x0000000000000054                __ctors_start = .
 *(.ctors)
                0x0000000000000054                __ctors_end = .
                0x0000000000000054                __dtors_start = .
 *(.dtors)
                0x0000000000000054                __dtors_end = .
 SORT_BY_NAME(*)(.ctors)
 SORT_BY_NAME(*)(.dtors)
 *(.init0)
 .init0         0x0000000000000054        0x0 C:/Program Files (x86)/Atmel/Studio/7.0/Packs/atmel/ATmega_DFP/1.2.209/gcc/dev/atmega32/avr5/crtatmega32.o
                0x0000000000000054                __init
 *(.init0)
 *(.init1)
 *(.init1)
 *(.init2)
 .init2         0x0000000000000054        0xc C:/Program Files (x86)/Atmel/Studio/7.0/Packs/atmel/ATmega_DFP/1.2.209/gcc/dev/atmega32/avr5/crtatmega32.o
 *(.init2)
 *(.init3)
 *(.init3)
 *(.init4)
 .init4         0x0000000000000060       0x10 d:/folders/sprint/gcc compiler and avrdude/avr-gcc-9.2.0-x64-mingw/avr-gcc-9.2.0-x64-mingw/bin/../lib/gcc/avr/9.2.0/avr5\libgcc.a(_clear_bss.o)
                0x0000000000000060                __do_clear_bss
 *(.init4)
 *(.init5)
 *(.init5)
 *(.init6)
 *(.init6)
 *(.init7)
 *(.init7)
 *(.init8)
 *(.init8)
 *(.init9)
 .init9         0x0000000000000070        0x8 C:/Program Files (x86)/Atmel/Studio/7.0/Packs/atmel/ATmega_DFP/1.2.209/gcc/dev/atmega32/avr5/crtatmega32.o
 *(.init9)
 *(.text)
 .text          0x0000000000000078        0x4 C:/Program Files (x86)/Atmel/Studio/7.0/Packs/atmel/ATmega_DFP/1.2.209/gcc/dev/atmega32/avr5/crtatmega32.o
                0x0000000000000078                __vector_1
                0x0000000000000078                __vector_12
                0x0000000000000078                __bad_interrupt
                0x0000000000000078                __vector_6
                0x0000000000000078                __vector_3
                0x0000000000000078                __vector_13
                0x0000000000000078                __vector_17
                0x0000000000000078                __vector_19
                0x0000000000000078                __vector_7
                0x0000000000000078                __vector_4
                0x0000000000000078                __vector_2
                0x0000000000000078                __vector_15
                0x0000000000000078                __vector_8
                0x0000000000000078                __vector_14
                0x0000000000000078                __vector_10
                0x0000000000000078                __vector_16
                0x0000000000000078                __vector_18
                0x0000000000000078                __vector_20
                0x000000000000007c                . = ALIGN (0x2)
 *(.text.*)
 .text.function
                0x000000000000007c       0x14 AAL/APP.o
                0x000000000000007c                function
 .text.main     0x0000000000000090       0x62 AAL/APP.o
                0x0000000000000090                main
 .text.DIO_INIT_Pin
                0x00000000000000f2      0x120 MCAL/DIO.o
                0x00000000000000f2                DIO_INIT_Pin
 .text.DIO_Write_Pin
                0x0000000000000212      0x120 MCAL/DIO.o
                0x0000000000000212                DIO_Write_Pin
 .text.DIO_toggle_Pin
                0x0000000000000332       0x94 MCAL/DIO.o
                0x0000000000000332                DIO_toggle_Pin
 .text.Timer_Init
                0x00000000000003c6       0x9c MCAL/Timer.o
                0x00000000000003c6                Timer_Init
 .text.Timer_Start
                0x0000000000000462      0x302 MCAL/Timer.o
                0x0000000000000462                Timer_Start
 .text.__vector_11
                0x0000000000000764       0x58 MCAL/Timer.o
                0x0000000000000764                __vector_11
 .text.__vector_9
                0x00000000000007bc       0x4e MCAL/Timer.o
                0x00000000000007bc                __vector_9
 .text.__vector_5
                0x000000000000080a       0x4e MCAL/Timer.o
                0x000000000000080a                __vector_5
                0x0000000000000858                . = ALIGN (0x2)
 *(.fini9)
 .fini9         0x0000000000000858        0x0 d:/folders/sprint/gcc compiler and avrdude/avr-gcc-9.2.0-x64-mingw/avr-gcc-9.2.0-x64-mingw/bin/../lib/gcc/avr/9.2.0/avr5\libgcc.a(_exit.o)
                0x0000000000000858                _exit
                0x0000000000000858                exit
 *(.fini9)
 *(.fini8)
 *(.fini8)
 *(.fini7)
 *(.fini7)
 *(.fini6)
 *(.fini6)
 *(.fini5)
 *(.fini5)
 *(.fini4)
 *(.fini4)
 *(.fini3)
 *(.fini3)
 *(.fini2)
 *(.fini2)
 *(.fini1)
 *(.fini1)
 *(.fini0)
 .fini0         0x0000000000000858        0x4 d:/folders/sprint/gcc compiler and avrdude/avr-gcc-9.2.0-x64-mingw/avr-gcc-9.2.0-x64-mingw/bin/../lib/gcc/avr/9.2.0/avr5\libgcc.a(_exit.o)
 *(.fini0)
 *(.hightext)
 *(.hightext*)
 *(.progmemx.*)
                0x000000000000085c                . = ALIGN (0x2)
 *(.jumptables)
 *(.jumptables*)
                0x000000000000085c                _etext = .

.data           0x0000000000800060        0x0 load address 0x000000000000085c
                [!provide]                        PROVIDE (__data_start = .)
 *(.data)
 *(.data*)
 *(.gnu.linkonce.d*)
 *(.rodata)
 *(.rodata*)
 *(.gnu.linkonce.r*)
                0x0000000000800060                . = ALIGN (0x2)
                0x0000000000800060                _edata = .
                [!provide]                        PROVIDE (__data_end = .)

.bss            0x0000000000800060       0x11
                0x0000000000800060                PROVIDE (__bss_start = .)
 *(.bss)
 *(.bss*)
 .bss.sgu16_Count_main
                0x0000000000800060        0x2 AAL/APP.o
                0x0000000000800060                sgu16_Count_main
 .bss.count     0x0000000000800062        0x2 MCAL/Timer.o
                0x0000000000800062                count
 .bss.sgu16_TIMER_COUNTER_REG_BUFFER
                0x0000000000800064        0x2 MCAL/Timer.o
 .bss.sgPntrToFunc_TIMER_OVF
                0x0000000000800066        0x2 MCAL/Timer.o
 .bss.sgau8_TIMERChannel
                0x0000000000800068        0x3 MCAL/Timer.o
 .bss.sgau8_TIMERMode
                0x000000000080006b        0x3 MCAL/Timer.o
 .bss.sgau8_Interrupt_Mode
                0x000000000080006e        0x3 MCAL/Timer.o
 *(COMMON)
                0x0000000000800071                PROVIDE (__bss_end = .)
                0x000000000000085c                __data_load_start = LOADADDR (.data)
                0x000000000000085c                __data_load_end = (__data_load_start + SIZEOF (.data))

.noinit         0x0000000000800071        0x0
                [!provide]                        PROVIDE (__noinit_start = .)
 *(.noinit*)
                [!provide]                        PROVIDE (__noinit_end = .)
                0x0000000000800071                _end = .
                [!provide]                        PROVIDE (__heap_start = .)

.eeprom         0x0000000000810000        0x0
 *(.eeprom*)
                0x0000000000810000                __eeprom_end = .

.fuse
 *(.fuse)
 *(.lfuse)
 *(.hfuse)
 *(.efuse)

.lock
 *(.lock*)

.signature
 *(.signature*)

.stab
 *(.stab)

.stabstr
 *(.stabstr)

.stab.excl
 *(.stab.excl)

.stab.exclstr
 *(.stab.exclstr)

.stab.index
 *(.stab.index)

.stab.indexstr
 *(.stab.indexstr)

.comment        0x0000000000000000       0x11
 *(.comment)
 .comment       0x0000000000000000       0x11 AAL/APP.o
                                         0x12 (size before relaxing)
 .comment       0x0000000000000011       0x12 MCAL/DIO.o
 .comment       0x0000000000000011       0x12 MCAL/Timer.o

.note.gnu.avr.deviceinfo
                0x0000000000000000       0x3c
 .note.gnu.avr.deviceinfo
                0x0000000000000000       0x3c C:/Program Files (x86)/Atmel/Studio/7.0/Packs/atmel/ATmega_DFP/1.2.209/gcc/dev/atmega32/avr5/crtatmega32.o

.note.gnu.build-id
 *(.note.gnu.build-id)

.debug
 *(.debug)

.line
 *(.line)

.debug_srcinfo
 *(.debug_srcinfo)

.debug_sfnames
 *(.debug_sfnames)

.debug_aranges  0x0000000000000000      0x138
 *(.debug_aranges)
 .debug_aranges
                0x0000000000000000       0x28 AAL/APP.o
 .debug_aranges
                0x0000000000000028       0x70 MCAL/DIO.o
 .debug_aranges
                0x0000000000000098       0x60 MCAL/Timer.o
 .debug_aranges
                0x00000000000000f8       0x20 d:/folders/sprint/gcc compiler and avrdude/avr-gcc-9.2.0-x64-mingw/avr-gcc-9.2.0-x64-mingw/bin/../lib/gcc/avr/9.2.0/avr5\libgcc.a(_exit.o)
 .debug_aranges
                0x0000000000000118       0x20 d:/folders/sprint/gcc compiler and avrdude/avr-gcc-9.2.0-x64-mingw/avr-gcc-9.2.0-x64-mingw/bin/../lib/gcc/avr/9.2.0/avr5\libgcc.a(_clear_bss.o)

.debug_pubnames
 *(.debug_pubnames)

.debug_info     0x0000000000000000      0xe5d
 *(.debug_info .gnu.linkonce.wi.*)
 .debug_info    0x0000000000000000      0x4e6 C:/Program Files (x86)/Atmel/Studio/7.0/Packs/atmel/ATmega_DFP/1.2.209/gcc/dev/atmega32/avr5/crtatmega32.o
 .debug_info    0x00000000000004e6      0x201 AAL/APP.o
 .debug_info    0x00000000000006e7      0x3b6 MCAL/DIO.o
 .debug_info    0x0000000000000a9d      0x374 MCAL/Timer.o
 .debug_info    0x0000000000000e11       0x26 d:/folders/sprint/gcc compiler and avrdude/avr-gcc-9.2.0-x64-mingw/avr-gcc-9.2.0-x64-mingw/bin/../lib/gcc/avr/9.2.0/avr5\libgcc.a(_exit.o)
 .debug_info    0x0000000000000e37       0x26 d:/folders/sprint/gcc compiler and avrdude/avr-gcc-9.2.0-x64-mingw/avr-gcc-9.2.0-x64-mingw/bin/../lib/gcc/avr/9.2.0/avr5\libgcc.a(_clear_bss.o)

.debug_abbrev   0x0000000000000000      0x87e
 *(.debug_abbrev)
 .debug_abbrev  0x0000000000000000      0x4a3 C:/Program Files (x86)/Atmel/Studio/7.0/Packs/atmel/ATmega_DFP/1.2.209/gcc/dev/atmega32/avr5/crtatmega32.o
 .debug_abbrev  0x00000000000004a3      0x104 AAL/APP.o
 .debug_abbrev  0x00000000000005a7      0x134 MCAL/DIO.o
 .debug_abbrev  0x00000000000006db      0x17b MCAL/Timer.o
 .debug_abbrev  0x0000000000000856       0x14 d:/folders/sprint/gcc compiler and avrdude/avr-gcc-9.2.0-x64-mingw/avr-gcc-9.2.0-x64-mingw/bin/../lib/gcc/avr/9.2.0/avr5\libgcc.a(_exit.o)
 .debug_abbrev  0x000000000000086a       0x14 d:/folders/sprint/gcc compiler and avrdude/avr-gcc-9.2.0-x64-mingw/avr-gcc-9.2.0-x64-mingw/bin/../lib/gcc/avr/9.2.0/avr5\libgcc.a(_clear_bss.o)

.debug_line     0x0000000000000000     0x27c1
 *(.debug_line .debug_line.* .debug_line_end)
 .debug_line    0x0000000000000000      0x115 C:/Program Files (x86)/Atmel/Studio/7.0/Packs/atmel/ATmega_DFP/1.2.209/gcc/dev/atmega32/avr5/crtatmega32.o
 .debug_line    0x0000000000000115      0x152 AAL/APP.o
 .debug_line    0x0000000000000267     0x1756 MCAL/DIO.o
 .debug_line    0x00000000000019bd      0xd1e MCAL/Timer.o
 .debug_line    0x00000000000026db       0x61 d:/folders/sprint/gcc compiler and avrdude/avr-gcc-9.2.0-x64-mingw/avr-gcc-9.2.0-x64-mingw/bin/../lib/gcc/avr/9.2.0/avr5\libgcc.a(_exit.o)
 .debug_line    0x000000000000273c       0x85 d:/folders/sprint/gcc compiler and avrdude/avr-gcc-9.2.0-x64-mingw/avr-gcc-9.2.0-x64-mingw/bin/../lib/gcc/avr/9.2.0/avr5\libgcc.a(_clear_bss.o)

.debug_frame    0x0000000000000000      0x27c
 *(.debug_frame)
 .debug_frame   0x0000000000000000       0x3c AAL/APP.o
 .debug_frame   0x000000000000003c       0xc4 MCAL/DIO.o
 .debug_frame   0x0000000000000100      0x17c MCAL/Timer.o

.debug_str      0x0000000000000000      0x6c5
 *(.debug_str)
 .debug_str     0x0000000000000000      0x196 C:/Program Files (x86)/Atmel/Studio/7.0/Packs/atmel/ATmega_DFP/1.2.209/gcc/dev/atmega32/avr5/crtatmega32.o
 .debug_str     0x0000000000000196      0x21f AAL/APP.o
                                        0x258 (size before relaxing)
 .debug_str     0x00000000000003b5       0xdd MCAL/DIO.o
                                        0x288 (size before relaxing)
 .debug_str     0x0000000000000492      0x1d1 MCAL/Timer.o
                                        0x3bf (size before relaxing)
 .debug_str     0x0000000000000663       0x62 d:/folders/sprint/gcc compiler and avrdude/avr-gcc-9.2.0-x64-mingw/avr-gcc-9.2.0-x64-mingw/bin/../lib/gcc/avr/9.2.0/avr5\libgcc.a(_exit.o)
 .debug_str     0x00000000000006c5       0x62 d:/folders/sprint/gcc compiler and avrdude/avr-gcc-9.2.0-x64-mingw/avr-gcc-9.2.0-x64-mingw/bin/../lib/gcc/avr/9.2.0/avr5\libgcc.a(_clear_bss.o)

.debug_loc      0x0000000000000000     0x1908
 *(.debug_loc)
 .debug_loc     0x0000000000000000     0x139a MCAL/DIO.o
 .debug_loc     0x000000000000139a      0x56e MCAL/Timer.o

.debug_macinfo
 *(.debug_macinfo)

.debug_weaknames
 *(.debug_weaknames)

.debug_funcnames
 *(.debug_funcnames)

.debug_typenames
 *(.debug_typenames)

.debug_varnames
 *(.debug_varnames)

.debug_pubtypes
 *(.debug_pubtypes)

.debug_ranges   0x0000000000000000       0xc8
 *(.debug_ranges)
 .debug_ranges  0x0000000000000000       0x18 AAL/APP.o
 .debug_ranges  0x0000000000000018       0x60 MCAL/DIO.o
 .debug_ranges  0x0000000000000078       0x50 MCAL/Timer.o

.debug_macro
 *(.debug_macro)

.debug_addr
 *(.debug_addr)
OUTPUT(TMU.elf elf32-avr)
LOAD linker stubs
